
       ╔════════════════════════════════════════════╗
       ║            ___ ___ ___ ___ _____           ║
       ║           / __| _ \ __/ __|_   _|          ║
       ║          | (__|   / _|\__ \ | |            ║
       ║           \___|_|_\___|___/ |_|            ║
       ║                                            ║
       ║  Conformer-Rotamer Ensemble Sampling Tool  ║
       ║          based on the xTB methods          ║
       ║                                            ║
       ╚════════════════════════════════════════════╝
       Version 3.0.2, Tue, 05 August 16:30:49, 08/05/2025
       commit (unknown-commit) compiled by 'usr@Mac-1754410501911.local'

   Cite work conducted with this code as

   • P.Pracht, F.Bohle, S.Grimme, PCCP, 2020, 22, 7169-7192.
   • S.Grimme, JCTC, 2019, 15, 2847-2862.
   • P.Pracht, S.Grimme, C.Bannwarth, F.Bohle, S.Ehlert,
     G.Feldmann, J.Gorges, M.Müller, T.Neudecker, C.Plett,
     S.Spicher, P.Steinbach, P.Wesołowski, F.Zeller,
     J. Chem. Phys., 2024, 160, 114110.

   for works involving QCG cite

   • S.Spicher, C.Plett, P.Pracht, A.Hansen, S.Grimme,
     JCTC, 2022, 18 (5), 3174-3189.
   • C.Plett, S. Grimme,
     Angew. Chem. Int. Ed. 2023, 62, e202214477.

   for works involving MECP screening cite

   • P.Pracht, C.Bannwarth, JCTC, 2022, 18 (10), 6370-6385.

   Original code
     P.Pracht, S.Grimme, Universität Bonn, MCTC
   with help from (alphabetical order):
     C.Bannwarth, F.Bohle, S.Ehlert, G.Feldmann, J.Gorges,
     S.Grimme, C.Plett, P.Pracht, S.Spicher, P.Steinbach,
     P.Wesolowski, F.Zeller

   Online documentation is available at
   https://crest-lab.github.io/crest-docs/

   This program is distributed in the hope that it will be useful,
   but WITHOUT ANY WARRANTY; without even the implied warranty of
   MERCHANTABILITY or FITNESS FOR A PARTICULAR PURPOSE. See the
   GNU Lesser General Public License (LGPL) for more details.

 Command line input:
 $ /Users/haywoodau3/Documents/genaisubstrate/.chem-env/bin/crest input.xyz --gfn2 --alpb ether --chrg 0 --uhf 0 --quick --legacy --nocross --ewin 30 -T 1 --xnam /Users/haywoodau3/Documents/genaisubstrate/.chem-env/bin/xtb

  --gfn2               : Use of GFN2-xTB requested.
  --alpb ether : implicit solvation
  --chrg 0
  --uhf 0
  --nocross  : skipping GC part.
  --ewin 30
  -T 1 (CPUs/Threads selected)
  -xnam :
     xtb executable was set to: "/Users/haywoodau3/Documents/genaisubstrate/.chem-env/bin/xtb"

 -------------------------
 xTB Geometry Optimization
 -------------------------
 Geometry successfully optimized.
 ------------------------------------------------
 Generating MTD length from a flexibility measure
 ------------------------------------------------
 Calculating GFN0-xTB WBOs   ... done.
 Calculating NCI flexibility... done.
     covalent flexibility measure :   0.356
 non-covalent flexibility measure :   0.745
 flexibility measure :   0.401
 t(MTD) / ps    :     3.0
 Σ(t(MTD)) / ps :    18.0 (6 MTDs)

-------------------------------------
Starting a trial MTD to test settings
-------------------------------------
 Estimated runtime for one MTD (3.0 ps) on a single thread: 10 min 47 sec
 Estimated runtime for a batch of 6 MTDs on 1 threads: 1 h 4 min 42 sec

 list of Vbias parameters applied:
$metadyn    0.05400   1.200
$metadyn    0.02700   1.200
$metadyn    0.05400   0.600
$metadyn    0.02700   0.600
$metadyn    0.05400   0.300
$metadyn    0.02700   0.300

******************************************************************************************
**                         N E W   I T E R A T I O N  C Y C L E                         **
******************************************************************************************

========================================
            MTD Iteration  1
========================================

     ========================================
     |         Meta-MD (MTD) Sampling       |
     ========================================

Starting Meta-MD   1 with the settings:
     MD time /ps        :     3.0
     dt /fs             :     5.0
     dumpstep(trj) /fs  :     100
     dumpstep(Vbias)/ps :     1.0
     Vbias factor k /Eh :  0.0540
     Vbias exp α /bohr⁻²:    1.20
*Meta-MTD 1 finished*
Starting Meta-MD   2 with the settings:
     MD time /ps        :     3.0
     dt /fs             :     5.0
     dumpstep(trj) /fs  :     100
     dumpstep(Vbias)/ps :     1.0
     Vbias factor k /Eh :  0.0270
     Vbias exp α /bohr⁻²:    1.20
*Meta-MTD 2 finished*
Starting Meta-MD   3 with the settings:
     MD time /ps        :     3.0
     dt /fs             :     5.0
     dumpstep(trj) /fs  :     100
     dumpstep(Vbias)/ps :     1.0
     Vbias factor k /Eh :  0.0540
     Vbias exp α /bohr⁻²:    0.60
*Meta-MTD 3 finished*
Starting Meta-MD   4 with the settings:
     MD time /ps        :     3.0
     dt /fs             :     5.0
     dumpstep(trj) /fs  :     100
     dumpstep(Vbias)/ps :     1.0
     Vbias factor k /Eh :  0.0270
     Vbias exp α /bohr⁻²:    0.60
*Meta-MTD 4 finished*
Starting Meta-MD   5 with the settings:
     MD time /ps        :     3.0
     dt /fs             :     5.0
     dumpstep(trj) /fs  :     100
     dumpstep(Vbias)/ps :     1.0
     Vbias factor k /Eh :  0.0540
     Vbias exp α /bohr⁻²:    0.30
*Meta-MTD 5 finished*
Starting Meta-MD   6 with the settings:
     MD time /ps        :     3.0
     dt /fs             :     5.0
     dumpstep(trj) /fs  :     100
     dumpstep(Vbias)/ps :     1.0
     Vbias factor k /Eh :  0.0270
     Vbias exp α /bohr⁻²:    0.30
*Meta-MTD 6 finished*

-----------------------
Multilevel Optimization
-----------------------

 -------------------------
 1. crude pre-optimization
 -------------------------
 Optimizing all 174 structures from file "crest_rotamers_0.xyz" ...
 1 2 3 4 5 6 7 8 9 10 11 12 13 14 15 16 17 18 19 20 21 22 23 24 25 26 27 28 29 30 31 32 33 34 35 36 37 38 39 40 41 42 43 44 45 46 47 48 49 50 51 52 53 54 55 56 57 58 59 60 61 62 63 64 65 66 67 68 69 70 71 72 73 74 75 76 77 78 79 80 81 82 83 84 85 86 87 88 89 90 91 92 93 94 95 96 97 98 99 100 101 102 103 104 105 106 107 108 109 110 111 112 113 114 115 116 117 118 119 120 121 122 123 124 125 126 127 128 129 130 131 132 133 134 135 136 137 138 139 140 141 142 143 144 145 146 147 148 149 150 151 152 153 154 155 156 157 158 159 160 161 162 163 164 165 166 167 168 169 170 171 172 173 174
 done.
CREGEN> running RMSDs ... done.
CREGEN> E lowest :   -43.27636
 1 structures remain within    60.00 kcal/mol window
 This is less than 5% of the initial 174 structures.
 Increasing energy window to include more...
CREGEN> running RMSDs ... done.
CREGEN> E lowest :   -43.27636
 1 structures remain within    90.00 kcal/mol window

 -------------------------------------
 2. optimization with tight thresholds
 -------------------------------------
 Optimizing all 2 structures from file "crest_rotamers_1.xyz" ...
 1 2
 done.
CREGEN> running RMSDs ... done.
CREGEN> E lowest :   -43.27679
 1 structures remain within    30.00 kcal/mol window


========================================
            MTD Iteration  2
========================================

     ========================================
     |         Meta-MD (MTD) Sampling       |
     ========================================

Starting Meta-MD   1 with the settings:
     MD time /ps        :     3.0
     dt /fs             :     5.0
     dumpstep(trj) /fs  :     100
     dumpstep(Vbias)/ps :     1.0
     Vbias factor k /Eh :  0.0540
     Vbias exp α /bohr⁻²:    1.20
*Meta-MTD 1 finished*
Starting Meta-MD   2 with the settings:
     MD time /ps        :     3.0
     dt /fs             :     5.0
     dumpstep(trj) /fs  :     100
     dumpstep(Vbias)/ps :     1.0
     Vbias factor k /Eh :  0.0270
     Vbias exp α /bohr⁻²:    1.20
*Meta-MTD 2 finished*
Starting Meta-MD   3 with the settings:
     MD time /ps        :     3.0
     dt /fs             :     5.0
     dumpstep(trj) /fs  :     100
     dumpstep(Vbias)/ps :     1.0
     Vbias factor k /Eh :  0.0540
     Vbias exp α /bohr⁻²:    0.60
*Meta-MTD 3 finished*
Starting Meta-MD   4 with the settings:
     MD time /ps        :     3.0
     dt /fs             :     5.0
     dumpstep(trj) /fs  :     100
     dumpstep(Vbias)/ps :     1.0
     Vbias factor k /Eh :  0.0270
     Vbias exp α /bohr⁻²:    0.60
*Meta-MTD 4 finished*

-----------------------
Multilevel Optimization
-----------------------

 -------------------------
 1. crude pre-optimization
 -------------------------
 Optimizing all 116 structures from file "crest_rotamers_0.xyz" ...
 1 2 3 4 5 6 7 8 9 10 11 12 13 14 15 16 17 18 19 20 21 22 23 24 25 26 27 28 29 30 31 32 33 34 35 36 37 38 39 40 41 42 43 44 45 46 47 48 49 50 51 52 53 54 55 56 57 58 59 60 61 62 63 64 65 66 67 68 69 70 71 72 73 74 75 76 77 78 79 80 81 82 83 84 85 86 87 88 89 90 91 92 93 94 95 96 97 98 99 100 101 102 103 104 105 106 107 108 109 110 111 112 113 114 115 116
 done.
CREGEN> running RMSDs ... done.
CREGEN> E lowest :   -43.27657
 1 structures remain within    60.00 kcal/mol window
 This is less than 5% of the initial 116 structures.
 Increasing energy window to include more...
CREGEN> running RMSDs ... done.
CREGEN> E lowest :   -43.27657
 1 structures remain within    90.00 kcal/mol window

 -------------------------------------
 2. optimization with tight thresholds
 -------------------------------------
 Optimizing all 2 structures from file "crest_rotamers_1.xyz" ...
 1 2
 done.
CREGEN> running RMSDs ... done.
CREGEN> E lowest :   -43.27678
 1 structures remain within    30.00 kcal/mol window

========================================
            MTD Iterations done         
========================================
 Collecting ensembles.
CREGEN> running RMSDs ... done.
CREGEN> E lowest :   -43.27679
 1 structures remain within    30.00 kcal/mol window

-----------------------------------------------
Additional regular MDs on lowest 1 conformer(s)
-----------------------------------------------
Starting MD   1 with the settings:
     MD time /ps        :     1.5
     MD Temperature /K  :   400.0
     dt /fs             :     5.0
     dumpstep(trj) /fs  :     100
*MD 1 finished*
Starting MD   2 with the settings:
     MD time /ps        :     1.5
     MD Temperature /K  :   500.0
     dt /fs             :     5.0
     dumpstep(trj) /fs  :     100
*MD 2 finished*
 Appending file crest_rotamers_1.xyz with new structures

 -------------------------------------------
 Ensemble optimization with tight thresholds
 -------------------------------------------
 Optimizing all 29 structures from file "crest_rotamers_1.xyz" ...
 1 2 3 4 5 6 7 8 9 10 11 12 13 14 15 16 17 18 19 20 21 22 23 24 25 26 27 28 29
 done.
CREGEN> running RMSDs ... done.
CREGEN> E lowest :   -43.27679
 1 structures remain within    30.00 kcal/mol window



   ================================================
   |           Final Geometry Optimization        |
   ================================================
 -------------------------------------------
 Ensemble optimization with tight thresholds
 -------------------------------------------
 Optimizing all 1 structures from file "crest_rotamers_3.xyz" ...
 1
 done.
CREGEN> running RMSDs ... done.
CREGEN> E lowest :   -43.27679
 1 structures remain within    30.00 kcal/mol window

 input  file name : crest_rotamers_4.xyz
 output file name : crest_rotamers_5.xyz
 number of atoms                :   27
 number of points on xyz files  :   1
 RMSD threshold                 :   0.1250
 Bconst threshold               :   0.0100
 population threshold           :   0.0500
 # fragment in coord            :     1
 # bonds in reference structure :    28
 number of reliable points      :     1
 sorting energy window (EWIN)   :    0.0000 / kcal*mol⁻¹
 reference state Etot           :  -43.276785060000002
 number of doubles removed by rot/RMSD         :           0
 total number unique points considered further :           1
       Erel/kcal        Etot weight/tot  conformer     set   degen     origin
       1   0.000   -43.27679    1.00000    1.00000       1       1     md1
T /K                                  :   298.15
E lowest                              :   -43.27679
ensemble average energy (kcal)        :    0.000
ensemble entropy (J/mol K, cal/mol K) :   -0.000   -0.000
ensemble free energy (kcal/mol)       :    0.000
population of lowest in %             :  100.000
 number of unique conformers for further calc            1
 list of relative energies saved as "crest.energies"

 -----------------
 Wall Time Summary
 -----------------
 CREST runtime (total)               0 d,  0 h,  3 min, 15.725 sec
 ------------------------------------------------------------------
 test MD                    ...        0 min,  3.630 sec (  1.855%)
 MTD                        ...        1 min, 44.058 sec ( 53.165%)
 multilevel OPT             ...        1 min,  1.908 sec ( 31.630%)
 MD                         ...        0 min, 25.100 sec ( 12.824%)
                            ...        0 min,  0.098 sec (  0.050%)
 I/O and setup              ...        0 min,  0.931 sec (  0.476%)
 ------------------------------------------------------------------
 * wall-time:     0 d,  0 h,  3 min, 15.725 sec
 *  cpu-time:     0 d,  0 h,  0 min,  0.453 sec
 * ratio c/w:     0.002 speedup
 ------------------------------------------------------------------
 CREST terminated normally.
