
       ╔════════════════════════════════════════════╗
       ║            ___ ___ ___ ___ _____           ║
       ║           / __| _ \ __/ __|_   _|          ║
       ║          | (__|   / _|\__ \ | |            ║
       ║           \___|_|_\___|___/ |_|            ║
       ║                                            ║
       ║  Conformer-Rotamer Ensemble Sampling Tool  ║
       ║          based on the xTB methods          ║
       ║                                            ║
       ╚════════════════════════════════════════════╝
       Version 3.0.2, Tue, 05 August 16:30:49, 08/05/2025
       commit (unknown-commit) compiled by 'usr@Mac-1754410501911.local'

   Cite work conducted with this code as

   • P.Pracht, F.Bohle, S.Grimme, PCCP, 2020, 22, 7169-7192.
   • S.Grimme, JCTC, 2019, 15, 2847-2862.
   • P.Pracht, S.Grimme, C.Bannwarth, F.Bohle, S.Ehlert,
     G.Feldmann, J.Gorges, M.Müller, T.Neudecker, C.Plett,
     S.Spicher, P.Steinbach, P.Wesołowski, F.Zeller,
     J. Chem. Phys., 2024, 160, 114110.

   for works involving QCG cite

   • S.Spicher, C.Plett, P.Pracht, A.Hansen, S.Grimme,
     JCTC, 2022, 18 (5), 3174-3189.
   • C.Plett, S. Grimme,
     Angew. Chem. Int. Ed. 2023, 62, e202214477.

   for works involving MECP screening cite

   • P.Pracht, C.Bannwarth, JCTC, 2022, 18 (10), 6370-6385.

   Original code
     P.Pracht, S.Grimme, Universität Bonn, MCTC
   with help from (alphabetical order):
     C.Bannwarth, F.Bohle, S.Ehlert, G.Feldmann, J.Gorges,
     S.Grimme, C.Plett, P.Pracht, S.Spicher, P.Steinbach,
     P.Wesolowski, F.Zeller

   Online documentation is available at
   https://crest-lab.github.io/crest-docs/

   This program is distributed in the hope that it will be useful,
   but WITHOUT ANY WARRANTY; without even the implied warranty of
   MERCHANTABILITY or FITNESS FOR A PARTICULAR PURPOSE. See the
   GNU Lesser General Public License (LGPL) for more details.

 Command line input:
 $ /Users/haywoodau3/Documents/genaisubstrate/.chem-env/bin/crest input.xyz --gfn2 --alpb ether --chrg 0 --uhf 0 --quick --legacy --nocross --ewin 30 -T 1 --xnam /Users/haywoodau3/Documents/genaisubstrate/.chem-env/bin/xtb

  --gfn2               : Use of GFN2-xTB requested.
  --alpb ether : implicit solvation
  --chrg 0
  --uhf 0
  --nocross  : skipping GC part.
  --ewin 30
  -T 1 (CPUs/Threads selected)
  -xnam :
     xtb executable was set to: "/Users/haywoodau3/Documents/genaisubstrate/.chem-env/bin/xtb"

 -------------------------
 xTB Geometry Optimization
 -------------------------
 Geometry successfully optimized.
 ------------------------------------------------
 Generating MTD length from a flexibility measure
 ------------------------------------------------
 Calculating GFN0-xTB WBOs   ... done.
 Calculating NCI flexibility... done.
     covalent flexibility measure :   0.270
 non-covalent flexibility measure :   0.726
 flexibility measure :   0.324
 t(MTD) / ps    :     3.5
 Σ(t(MTD)) / ps :    21.0 (6 MTDs)

-------------------------------------
Starting a trial MTD to test settings
-------------------------------------
 Estimated runtime for one MTD (3.5 ps) on a single thread: 18 min 39 sec
 Estimated runtime for a batch of 6 MTDs on 1 threads: 1 h 51 min 53 sec

 list of Vbias parameters applied:
$metadyn    0.06600   1.200
$metadyn    0.03300   1.200
$metadyn    0.06600   0.600
$metadyn    0.03300   0.600
$metadyn    0.06600   0.300
$metadyn    0.03300   0.300

******************************************************************************************
**                         N E W   I T E R A T I O N  C Y C L E                         **
******************************************************************************************

========================================
            MTD Iteration  1
========================================

     ========================================
     |         Meta-MD (MTD) Sampling       |
     ========================================

Starting Meta-MD   1 with the settings:
     MD time /ps        :     3.5
     dt /fs             :     5.0
     dumpstep(trj) /fs  :     100
     dumpstep(Vbias)/ps :     1.0
     Vbias factor k /Eh :  0.0660
     Vbias exp α /bohr⁻²:    1.20
*Meta-MTD 1 finished*
Starting Meta-MD   2 with the settings:
     MD time /ps        :     3.5
     dt /fs             :     5.0
     dumpstep(trj) /fs  :     100
     dumpstep(Vbias)/ps :     1.0
     Vbias factor k /Eh :  0.0330
     Vbias exp α /bohr⁻²:    1.20
*Meta-MTD 2 finished*
Starting Meta-MD   3 with the settings:
     MD time /ps        :     3.5
     dt /fs             :     5.0
     dumpstep(trj) /fs  :     100
     dumpstep(Vbias)/ps :     1.0
     Vbias factor k /Eh :  0.0660
     Vbias exp α /bohr⁻²:    0.60
*Warning: Meta-MTD 3 seemingly failed (no xtb.trj)*
Starting Meta-MD   4 with the settings:
     MD time /ps        :     3.5
     dt /fs             :     5.0
     dumpstep(trj) /fs  :     100
     dumpstep(Vbias)/ps :     1.0
     Vbias factor k /Eh :  0.0330
     Vbias exp α /bohr⁻²:    0.60
